MPLINK 5.09, LINKER
Linker Map File - Created Wed Oct 14 20:19:27 2020

                                 Section Info
                  Section       Type    Address   Location Size(Bytes)
                ---------  ---------  ---------  ---------  ---------
                 RES_VECT       code   0x000000    program   0x000002
                   .cinit    romdata   0x000001    program   0x000004
                MAIN_PROG       code   0x000003    program   0x00007c
.config_2007_BUILD/DEFAULT/DEBUG/5MMS.O       code   0x002007    program   0x000002



                              Program Memory Usage 
                               Start         End      
                           ---------   ---------      
                            0x000000    0x000040      
                            0x002007    0x002007      
            66 out of 1094 program addresses used, program memory utilization is 6%



                              Symbols - Sorted by Name
                     Name    Address   Location    Storage File                     
                ---------  ---------  ---------  --------- ---------                
                    START   0x000003    program     static C:\Users\yo\MPLABXProjects\5mms.X\5mms.asm
          _MAIN_PROG_001A   0x00001d    program     static C:\Users\yo\MPLABXProjects\5mms.X\5mms.asm
          _MAIN_PROG_0025   0x000028    program     static C:\Users\yo\MPLABXProjects\5mms.X\5mms.asm
          _MAIN_PROG_0032   0x000035    program     static C:\Users\yo\MPLABXProjects\5mms.X\5mms.asm
                   inicio   0x00000a    program     static C:\Users\yo\MPLABXProjects\5mms.X\5mms.asm
                    loopj   0x00002f    program     static C:\Users\yo\MPLABXProjects\5mms.X\5mms.asm
                    loopk   0x000031    program     static C:\Users\yo\MPLABXProjects\5mms.X\5mms.asm
                      tmp   0x00002d    program     static C:\Users\yo\MPLABXProjects\5mms.X\5mms.asm
                     tmp1   0x000019    program     static C:\Users\yo\MPLABXProjects\5mms.X\5mms.asm
                     tmp5   0x000020    program     static C:\Users\yo\MPLABXProjects\5mms.X\5mms.asm



                              Symbols - Sorted by Address
                     Name    Address   Location    Storage File                     
                ---------  ---------  ---------  --------- ---------                
                    START   0x000003    program     static C:\Users\yo\MPLABXProjects\5mms.X\5mms.asm
                   inicio   0x00000a    program     static C:\Users\yo\MPLABXProjects\5mms.X\5mms.asm
                     tmp1   0x000019    program     static C:\Users\yo\MPLABXProjects\5mms.X\5mms.asm
          _MAIN_PROG_001A   0x00001d    program     static C:\Users\yo\MPLABXProjects\5mms.X\5mms.asm
                     tmp5   0x000020    program     static C:\Users\yo\MPLABXProjects\5mms.X\5mms.asm
          _MAIN_PROG_0025   0x000028    program     static C:\Users\yo\MPLABXProjects\5mms.X\5mms.asm
                      tmp   0x00002d    program     static C:\Users\yo\MPLABXProjects\5mms.X\5mms.asm
                    loopj   0x00002f    program     static C:\Users\yo\MPLABXProjects\5mms.X\5mms.asm
                    loopk   0x000031    program     static C:\Users\yo\MPLABXProjects\5mms.X\5mms.asm
          _MAIN_PROG_0032   0x000035    program     static C:\Users\yo\MPLABXProjects\5mms.X\5mms.asm


